2026-09-14 13:09:33.991: [INFO] CurrentProfilePath: C:\Users\HP\Desktop\VisualMind\.tmp-mindmap-cdp\Default
2026-09-14 13:09:33.991: [INFO] Profiles total count: 1
2026-09-14 13:09:33.991: [INFO] Profile: name=Profile 1 path=C:\Users\HP\Desktop\VisualMind\.tmp-mindmap-cdp\Default lastActive=null
2026-09-14 13:09:33.991: [INFO] LastUsedProfileDir: C:\Users\HP\Desktop\VisualMind\.tmp-mindmap-cdp\Default
2026-09-14 13:09:33.991: [INFO] VisibilityChanged: 0
2026-09-14 13:09:34.020: [INFO] RecordSyncInitDuration has_sync_been_enabled: 0 state: 0
2026-09-14 13:09:34.020: [INFO] RecordSyncInitDuration has_sync_been_enabled: 0 state: 0
2026-09-14 13:09:34.021: [INFO] RecordSyncInitDuration has_sync_been_enabled: 0 state: 0
2026-09-14 13:09:34.022: [INFO] RecordSyncInitDuration has_sync_been_enabled: 0 state: 0
2026-09-14 13:09:34.023: [INFO] RecordSyncInitDuration has_sync_been_enabled: 0 state: 0
2026-09-14 13:09:34.024: [INFO] RecordSyncInitDuration has_sync_been_enabled: 0 state: 0
2026-09-14 13:09:34.024: [INFO] RecordSyncInitDuration has_sync_been_enabled: 0 state: 0
2026-09-14 13:09:34.025: [INFO] RecordSyncInitDuration has_sync_been_enabled: 0 state: 0
2026-09-14 13:09:34.026: [INFO] RecordSyncInitDuration has_sync_been_enabled: 0 state: 0
2026-09-14 13:09:34.026: [INFO] RecordSyncInitDuration has_sync_been_enabled: 0 state: 0
2026-09-14 13:09:34.043: [INFO] BookmarkNodeAdded, ABU: 0
2026-09-14 13:09:34.043: [INFO] BookmarkNodeAdded, ABU: 0
2026-09-14 13:09:34.043: [INFO] BookmarkNodeAdded, ABU: 0
2026-09-14 13:09:34.044: [INFO] BookmarkNodeAdded, ABU: 0
2026-09-14 13:09:34.044: [INFO] OnDoneLoading sync enabled: 0
2026-09-14 13:09:34.044: [INFO] BookmarkModelLoaded, ids_reassigned: 0
2026-09-14 13:09:34.044: [INFO] BookmarksLoadDropped droppedNodes=0
2026-09-14 13:09:34.044: [INFO] BookmarksSnapshot Startup total=12 bar=12 other=0 mobile=0 showBar=0 showBarNTP=1
2026-09-14 13:09:34.045: [INFO] RecordSyncInitDuration has_sync_been_enabled: 0 state: 0
2026-09-14 13:09:36.769: [INFO] BookmarkNodeAdded, ABU: 0
2026-09-14 13:09:36.769: [INFO] BookmarkNodeAdded, ABU: 0
2026-09-14 13:09:36.769: [INFO] BookmarkNodeAdded, ABU: 0
2026-09-14 13:09:38.947: [INFO] CurrentProfilePath: C:\Users\HP\Desktop\VisualMind\.tmp-mindmap-cdp\Default
2026-09-14 13:09:38.947: [INFO] Profiles total count: 1
2026-09-14 13:09:38.947: [INFO] Profile: name=Profile 1 path=C:\Users\HP\Desktop\VisualMind\.tmp-mindmap-cdp\Default lastActive=null
2026-09-14 13:09:38.947: [INFO] LastUsedProfileDir: C:\Users\HP\Desktop\VisualMind\.tmp-mindmap-cdp\Default
2026-09-14 13:09:38.947: [INFO] VisibilityChanged: 0
2026-09-14 13:09:38.976: [INFO] RecordSyncInitDuration has_sync_been_enabled: 0 state: 0
2026-09-14 13:09:38.978: [INFO] RecordSyncInitDuration has_sync_been_enabled: 0 state: 0
2026-09-14 13:09:38.979: [INFO] RecordSyncInitDuration has_sync_been_enabled: 0 state: 0
2026-09-14 13:09:38.980: [INFO] RecordSyncInitDuration has_sync_been_enabled: 0 state: 0
2026-09-14 13:09:38.980: [INFO] RecordSyncInitDuration has_sync_been_enabled: 0 state: 0
2026-09-14 13:09:38.981: [INFO] RecordSyncInitDuration has_sync_been_enabled: 0 state: 0
2026-09-14 13:09:38.982: [INFO] RecordSyncInitDuration has_sync_been_enabled: 0 state: 0
2026-09-14 13:09:38.983: [INFO] RecordSyncInitDuration has_sync_been_enabled: 0 state: 0
2026-09-14 13:09:38.983: [INFO] RecordSyncInitDuration has_sync_been_enabled: 0 state: 0
2026-09-14 13:09:38.984: [INFO] RecordSyncInitDuration has_sync_been_enabled: 0 state: 0
2026-09-14 13:09:39.004: [INFO] BookmarkNodeAdded, ABU: 0
2026-09-14 13:09:39.004: [INFO] BookmarkNodeAdded, ABU: 0
2026-09-14 13:09:39.005: [INFO] BookmarkNodeAdded, ABU: 0
2026-09-14 13:09:39.005: [INFO] BookmarkNodeAdded, ABU: 0
2026-09-14 13:09:39.005: [INFO] OnDoneLoading sync enabled: 0
2026-09-14 13:09:39.005: [INFO] BookmarkModelLoaded, ids_reassigned: 0
2026-09-14 13:09:39.005: [INFO] BookmarksLoadDropped droppedNodes=0
2026-09-14 13:09:39.005: [INFO] BookmarksSnapshot Startup total=16 bar=16 other=0 mobile=0 showBar=0 showBarNTP=1
2026-09-14 13:09:39.007: [INFO] RecordSyncInitDuration has_sync_been_enabled: 0 state: 0
2026-09-14 13:09:42.347: [INFO] BookmarkNodeAdded, ABU: 0
2026-09-14 13:09:42.347: [INFO] BookmarkNodeAdded, ABU: 0
2026-09-14 13:09:42.347: [INFO] BookmarkNodeAdded, ABU: 0
2026-09-14 13:10:08.221: [INFO] CurrentProfilePath: C:\Users\HP\Desktop\VisualMind\.tmp-mindmap-cdp\Default
2026-09-14 13:10:08.221: [INFO] Profiles total count: 1
2026-09-14 13:10:08.221: [INFO] Profile: name=Profile 1 path=C:\Users\HP\Desktop\VisualMind\.tmp-mindmap-cdp\Default lastActive=null
2026-09-14 13:10:08.221: [INFO] LastUsedProfileDir: C:\Users\HP\Desktop\VisualMind\.tmp-mindmap-cdp\Default
2026-09-14 13:10:08.221: [INFO] VisibilityChanged: 0
2026-09-14 13:10:08.244: [INFO] RecordSyncInitDuration has_sync_been_enabled: 0 state: 0
2026-09-14 13:10:08.245: [INFO] RecordSyncInitDuration has_sync_been_enabled: 0 state: 0
2026-09-14 13:10:08.246: [INFO] RecordSyncInitDuration has_sync_been_enabled: 0 state: 0
2026-09-14 13:10:08.247: [INFO] RecordSyncInitDuration has_sync_been_enabled: 0 state: 0
2026-09-14 13:10:08.247: [INFO] RecordSyncInitDuration has_sync_been_enabled: 0 state: 0
2026-09-14 13:10:08.248: [INFO] RecordSyncInitDuration has_sync_been_enabled: 0 state: 0
2026-09-14 13:10:08.248: [INFO] RecordSyncInitDuration has_sync_been_enabled: 0 state: 0
2026-09-14 13:10:08.249: [INFO] RecordSyncInitDuration has_sync_been_enabled: 0 state: 0
2026-09-14 13:10:08.250: [INFO] RecordSyncInitDuration has_sync_been_enabled: 0 state: 0
2026-09-14 13:10:08.250: [INFO] RecordSyncInitDuration has_sync_been_enabled: 0 state: 0
2026-09-14 13:10:08.266: [INFO] BookmarkNodeAdded, ABU: 0
2026-09-14 13:10:08.267: [INFO] BookmarkNodeAdded, ABU: 0
2026-09-14 13:10:08.267: [INFO] BookmarkNodeAdded, ABU: 0
2026-09-14 13:10:08.267: [INFO] BookmarkNodeAdded, ABU: 0
2026-09-14 13:10:08.267: [INFO] OnDoneLoading sync enabled: 0
2026-09-14 13:10:08.267: [INFO] BookmarkModelLoaded, ids_reassigned: 0
2026-09-14 13:10:08.267: [INFO] BookmarksLoadDropped droppedNodes=0
2026-09-14 13:10:08.267: [INFO] BookmarksSnapshot Startup total=20 bar=20 other=0 mobile=0 showBar=0 showBarNTP=1
2026-09-14 13:10:08.268: [INFO] RecordSyncInitDuration has_sync_been_enabled: 0 state: 0
2026-09-14 13:10:11.556: [INFO] BookmarkNodeAdded, ABU: 0
2026-09-14 13:10:11.556: [INFO] BookmarkNodeAdded, ABU: 0
2026-09-14 13:10:11.556: [INFO] BookmarkNodeAdded, ABU: 0
2026-09-14 13:35:48.365: [INFO] CurrentProfilePath: C:\Users\HP\Desktop\VisualMind\.tmp-mindmap-cdp\Default
2026-09-14 13:35:48.365: [INFO] Profiles total count: 1
2026-09-14 13:35:48.365: [INFO] Profile: name=Profile 1 path=C:\Users\HP\Desktop\VisualMind\.tmp-mindmap-cdp\Default lastActive=null
2026-09-14 13:35:48.365: [INFO] LastUsedProfileDir: C:\Users\HP\Desktop\VisualMind\.tmp-mindmap-cdp\Default
2026-09-14 13:35:48.365: [INFO] VisibilityChanged: 0
2026-09-14 13:35:48.401: [INFO] RecordSyncInitDuration has_sync_been_enabled: 0 state: 0
2026-09-14 13:35:48.404: [INFO] RecordSyncInitDuration has_sync_been_enabled: 0 state: 0
2026-09-14 13:35:48.405: [INFO] RecordSyncInitDuration has_sync_been_enabled: 0 state: 0
2026-09-14 13:35:48.406: [INFO] RecordSyncInitDuration has_sync_been_enabled: 0 state: 0
2026-09-14 13:35:48.406: [INFO] RecordSyncInitDuration has_sync_been_enabled: 0 state: 0
2026-09-14 13:35:48.407: [INFO] RecordSyncInitDuration has_sync_been_enabled: 0 state: 0
2026-09-14 13:35:48.408: [INFO] RecordSyncInitDuration has_sync_been_enabled: 0 state: 0
2026-09-14 13:35:48.409: [INFO] RecordSyncInitDuration has_sync_been_enabled: 0 state: 0
2026-09-14 13:35:48.409: [INFO] RecordSyncInitDuration has_sync_been_enabled: 0 state: 0
2026-09-14 13:35:48.410: [INFO] RecordSyncInitDuration has_sync_been_enabled: 0 state: 0
2026-09-14 13:35:48.429: [INFO] RecordSyncInitDuration has_sync_been_enabled: 0 state: 0
2026-09-14 13:35:48.432: [INFO] BookmarkNodeAdded, ABU: 0
2026-09-14 13:35:48.432: [INFO] BookmarkNodeAdded, ABU: 0
2026-09-14 13:35:48.433: [INFO] BookmarkNodeAdded, ABU: 0
2026-09-14 13:35:48.433: [INFO] BookmarkNodeAdded, ABU: 0
2026-09-14 13:35:48.433: [INFO] OnDoneLoading sync enabled: 0
2026-09-14 13:35:48.433: [INFO] BookmarkModelLoaded, ids_reassigned: 0
2026-09-14 13:35:48.433: [INFO] BookmarksLoadDropped droppedNodes=0
2026-09-14 13:35:48.433: [INFO] BookmarksSnapshot Startup total=24 bar=24 other=0 mobile=0 showBar=0 showBarNTP=1
2026-09-14 13:35:51.845: [INFO] BookmarkNodeAdded, ABU: 0
2026-09-14 13:35:51.845: [INFO] BookmarkNodeAdded, ABU: 0
2026-09-14 13:35:51.845: [INFO] BookmarkNodeAdded, ABU: 0
2026-09-14 13:37:10.978: [INFO] CurrentProfilePath: C:\Users\HP\Desktop\VisualMind\.tmp-mindmap-cdp\Default
2026-09-14 13:37:10.978: [INFO] Profiles total count: 1
2026-09-14 13:37:10.978: [INFO] Profile: name=Profile 1 path=C:\Users\HP\Desktop\VisualMind\.tmp-mindmap-cdp\Default lastActive=null
2026-09-14 13:37:10.978: [INFO] LastUsedProfileDir: C:\Users\HP\Desktop\VisualMind\.tmp-mindmap-cdp\Default
2026-09-14 13:37:10.978: [INFO] VisibilityChanged: 0
2026-09-14 13:37:11.002: [INFO] RecordSyncInitDuration has_sync_been_enabled: 0 state: 0
2026-09-14 13:37:11.004: [INFO] RecordSyncInitDuration has_sync_been_enabled: 0 state: 0
2026-09-14 13:37:11.004: [INFO] RecordSyncInitDuration has_sync_been_enabled: 0 state: 0
2026-09-14 13:37:11.005: [INFO] RecordSyncInitDuration has_sync_been_enabled: 0 state: 0
2026-09-14 13:37:11.005: [INFO] RecordSyncInitDuration has_sync_been_enabled: 0 state: 0
2026-09-14 13:37:11.006: [INFO] RecordSyncInitDuration has_sync_been_enabled: 0 state: 0
2026-09-14 13:37:11.006: [INFO] RecordSyncInitDuration has_sync_been_enabled: 0 state: 0
2026-09-14 13:37:11.007: [INFO] RecordSyncInitDuration has_sync_been_enabled: 0 state: 0
2026-09-14 13:37:11.007: [INFO] RecordSyncInitDuration has_sync_been_enabled: 0 state: 0
2026-09-14 13:37:11.008: [INFO] RecordSyncInitDuration has_sync_been_enabled: 0 state: 0
2026-09-14 13:37:11.024: [INFO] BookmarkNodeAdded, ABU: 0
2026-09-14 13:37:11.025: [INFO] BookmarkNodeAdded, ABU: 0
2026-09-14 13:37:11.025: [INFO] BookmarkNodeAdded, ABU: 0
2026-09-14 13:37:11.025: [INFO] BookmarkNodeAdded, ABU: 0
2026-09-14 13:37:11.025: [INFO] OnDoneLoading sync enabled: 0
2026-09-14 13:37:11.025: [INFO] BookmarkModelLoaded, ids_reassigned: 0
2026-09-14 13:37:11.025: [INFO] BookmarksLoadDropped droppedNodes=0
2026-09-14 13:37:11.025: [INFO] BookmarksSnapshot Startup total=28 bar=28 other=0 mobile=0 showBar=0 showBarNTP=1
2026-09-14 13:37:11.028: [INFO] RecordSyncInitDuration has_sync_been_enabled: 0 state: 0
2026-09-14 13:37:14.437: [INFO] BookmarkNodeAdded, ABU: 0
2026-09-14 13:37:14.437: [INFO] BookmarkNodeAdded, ABU: 0
2026-09-14 13:37:14.437: [INFO] BookmarkNodeAdded, ABU: 0
2026-09-14 13:37:31.860: [INFO] CurrentProfilePath: C:\Users\HP\Desktop\VisualMind\.tmp-mindmap-cdp\Default
2026-09-14 13:37:31.860: [INFO] Profiles total count: 1
2026-09-14 13:37:31.860: [INFO] Profile: name=Profile 1 path=C:\Users\HP\Desktop\VisualMind\.tmp-mindmap-cdp\Default lastActive=null
2026-09-14 13:37:31.860: [INFO] LastUsedProfileDir: C:\Users\HP\Desktop\VisualMind\.tmp-mindmap-cdp\Default
2026-09-14 13:37:31.860: [INFO] VisibilityChanged: 0
2026-09-14 13:37:31.882: [INFO] RecordSyncInitDuration has_sync_been_enabled: 0 state: 0
2026-09-14 13:37:31.882: [INFO] RecordSyncInitDuration has_sync_been_enabled: 0 state: 0
2026-09-14 13:37:31.883: [INFO] RecordSyncInitDuration has_sync_been_enabled: 0 state: 0
2026-09-14 13:37:31.883: [INFO] RecordSyncInitDuration has_sync_been_enabled: 0 state: 0
2026-09-14 13:37:31.884: [INFO] RecordSyncInitDuration has_sync_been_enabled: 0 state: 0
2026-09-14 13:37:31.884: [INFO] RecordSyncInitDuration has_sync_been_enabled: 0 state: 0
2026-09-14 13:37:31.885: [INFO] RecordSyncInitDuration has_sync_been_enabled: 0 state: 0
2026-09-14 13:37:31.885: [INFO] RecordSyncInitDuration has_sync_been_enabled: 0 state: 0
2026-09-14 13:37:31.886: [INFO] RecordSyncInitDuration has_sync_been_enabled: 0 state: 0
2026-09-14 13:37:31.887: [INFO] RecordSyncInitDuration has_sync_been_enabled: 0 state: 0
2026-09-14 13:37:31.899: [INFO] RecordSyncInitDuration has_sync_been_enabled: 0 state: 0
2026-09-14 13:37:31.901: [INFO] BookmarkNodeAdded, ABU: 0
2026-09-14 13:37:31.901: [INFO] BookmarkNodeAdded, ABU: 0
2026-09-14 13:37:31.901: [INFO] BookmarkNodeAdded, ABU: 0
2026-09-14 13:37:31.901: [INFO] BookmarkNodeAdded, ABU: 0
2026-09-14 13:37:31.901: [INFO] OnDoneLoading sync enabled: 0
2026-09-14 13:37:31.901: [INFO] BookmarkModelLoaded, ids_reassigned: 0
2026-09-14 13:37:31.901: [INFO] BookmarksLoadDropped droppedNodes=0
2026-09-14 13:37:31.901: [INFO] BookmarksSnapshot Startup total=32 bar=32 other=0 mobile=0 showBar=0 showBarNTP=1
2026-09-14 13:37:35.243: [INFO] BookmarkNodeAdded, ABU: 0
2026-09-14 13:37:35.243: [INFO] BookmarkNodeAdded, ABU: 0
2026-09-14 13:37:35.243: [INFO] BookmarkNodeAdded, ABU: 0
2026-09-14 13:50:18.674: [INFO] CurrentProfilePath: C:\Users\HP\Desktop\VisualMind\.tmp-mindmap-cdp\Default
2026-09-14 13:50:18.674: [INFO] Profiles total count: 1
2026-09-14 13:50:18.674: [INFO] Profile: name=Profile 1 path=C:\Users\HP\Desktop\VisualMind\.tmp-mindmap-cdp\Default lastActive=null
2026-09-14 13:50:18.674: [INFO] LastUsedProfileDir: C:\Users\HP\Desktop\VisualMind\.tmp-mindmap-cdp\Default
2026-09-14 13:50:18.674: [INFO] VisibilityChanged: 0
2026-09-14 13:50:18.716: [INFO] RecordSyncInitDuration has_sync_been_enabled: 0 state: 0
2026-09-14 13:50:18.716: [INFO] RecordSyncInitDuration has_sync_been_enabled: 0 state: 0
2026-09-14 13:50:18.719: [INFO] RecordSyncInitDuration has_sync_been_enabled: 0 state: 0
2026-09-14 13:50:18.720: [INFO] RecordSyncInitDuration has_sync_been_enabled: 0 state: 0
2026-09-14 13:50:18.720: [INFO] RecordSyncInitDuration has_sync_been_enabled: 0 state: 0
2026-09-14 13:50:18.721: [INFO] RecordSyncInitDuration has_sync_been_enabled: 0 state: 0
2026-09-14 13:50:18.722: [INFO] RecordSyncInitDuration has_sync_been_enabled: 0 state: 0
2026-09-14 13:50:18.723: [INFO] RecordSyncInitDuration has_sync_been_enabled: 0 state: 0
2026-09-14 13:50:18.724: [INFO] RecordSyncInitDuration has_sync_been_enabled: 0 state: 0
2026-09-14 13:50:18.725: [INFO] RecordSyncInitDuration has_sync_been_enabled: 0 state: 0
2026-09-14 13:50:18.740: [INFO] RecordSyncInitDuration has_sync_been_enabled: 0 state: 0
2026-09-14 13:50:18.743: [INFO] BookmarkNodeAdded, ABU: 0
2026-09-14 13:50:18.743: [INFO] BookmarkNodeAdded, ABU: 0
2026-09-14 13:50:18.743: [INFO] BookmarkNodeAdded, ABU: 0
2026-09-14 13:50:18.743: [INFO] BookmarkNodeAdded, ABU: 0
2026-09-14 13:50:18.743: [INFO] OnDoneLoading sync enabled: 0
2026-09-14 13:50:18.743: [INFO] BookmarkModelLoaded, ids_reassigned: 0
2026-09-14 13:50:18.743: [INFO] BookmarksLoadDropped droppedNodes=0
2026-09-14 13:50:18.743: [INFO] BookmarksSnapshot Startup total=36 bar=36 other=0 mobile=0 showBar=0 showBarNTP=1
2026-09-14 13:50:22.191: [INFO] BookmarkNodeAdded, ABU: 0
2026-09-14 13:50:22.191: [INFO] BookmarkNodeAdded, ABU: 0
2026-09-14 13:50:22.191: [INFO] BookmarkNodeAdded, ABU: 0
2026-09-14 13:59:03.652: [INFO] CurrentProfilePath: C:\Users\HP\Desktop\VisualMind\.tmp-mindmap-cdp\Default
2026-09-14 13:59:03.652: [INFO] Profiles total count: 1
2026-09-14 13:59:03.652: [INFO] Profile: name=Profile 1 path=C:\Users\HP\Desktop\VisualMind\.tmp-mindmap-cdp\Default lastActive=null
2026-09-14 13:59:03.652: [INFO] LastUsedProfileDir: C:\Users\HP\Desktop\VisualMind\.tmp-mindmap-cdp\Default
2026-09-14 13:59:03.652: [INFO] VisibilityChanged: 0
2026-09-14 13:59:03.678: [INFO] RecordSyncInitDuration has_sync_been_enabled: 0 state: 0
2026-09-14 13:59:03.679: [INFO] RecordSyncInitDuration has_sync_been_enabled: 0 state: 0
2026-09-14 13:59:03.680: [INFO] RecordSyncInitDuration has_sync_been_enabled: 0 state: 0
2026-09-14 13:59:03.681: [INFO] RecordSyncInitDuration has_sync_been_enabled: 0 state: 0
2026-09-14 13:59:03.682: [INFO] RecordSyncInitDuration has_sync_been_enabled: 0 state: 0
2026-09-14 13:59:03.682: [INFO] RecordSyncInitDuration has_sync_been_enabled: 0 state: 0
2026-09-14 13:59:03.683: [INFO] RecordSyncInitDuration has_sync_been_enabled: 0 state: 0
2026-09-14 13:59:03.685: [INFO] RecordSyncInitDuration has_sync_been_enabled: 0 state: 0
2026-09-14 13:59:03.686: [INFO] RecordSyncInitDuration has_sync_been_enabled: 0 state: 0
2026-09-14 13:59:03.686: [INFO] RecordSyncInitDuration has_sync_been_enabled: 0 state: 0
2026-09-14 13:59:03.705: [INFO] BookmarkNodeAdded, ABU: 0
2026-09-14 13:59:03.705: [INFO] BookmarkNodeAdded, ABU: 0
2026-09-14 13:59:03.705: [INFO] BookmarkNodeAdded, ABU: 0
2026-09-14 13:59:03.705: [INFO] BookmarkNodeAdded, ABU: 0
2026-09-14 13:59:03.705: [INFO] OnDoneLoading sync enabled: 0
2026-09-14 13:59:03.705: [INFO] BookmarkModelLoaded, ids_reassigned: 0
2026-09-14 13:59:03.705: [INFO] BookmarksLoadDropped droppedNodes=0
2026-09-14 13:59:03.705: [INFO] BookmarksSnapshot Startup total=40 bar=40 other=0 mobile=0 showBar=0 showBarNTP=1
2026-09-14 13:59:03.707: [INFO] RecordSyncInitDuration has_sync_been_enabled: 0 state: 0
2026-09-14 13:59:07.170: [INFO] BookmarkNodeAdded, ABU: 0
2026-09-14 13:59:07.170: [INFO] BookmarkNodeAdded, ABU: 0
2026-09-14 13:59:07.171: [INFO] BookmarkNodeAdded, ABU: 0
2026-09-14 14:08:04.673: [INFO] CurrentProfilePath: C:\Users\HP\Desktop\VisualMind\.tmp-mindmap-cdp\Default
2026-09-14 14:08:04.673: [INFO] Profiles total count: 1
2026-09-14 14:08:04.673: [INFO] Profile: name=Profile 1 path=C:\Users\HP\Desktop\VisualMind\.tmp-mindmap-cdp\Default lastActive=null
2026-09-14 14:08:04.673: [INFO] LastUsedProfileDir: C:\Users\HP\Desktop\VisualMind\.tmp-mindmap-cdp\Default
2026-09-14 14:08:04.673: [INFO] VisibilityChanged: 0
2026-09-14 14:08:04.709: [INFO] RecordSyncInitDuration has_sync_been_enabled: 0 state: 0
2026-09-14 14:08:04.711: [INFO] RecordSyncInitDuration has_sync_been_enabled: 0 state: 0
2026-09-14 14:08:04.711: [INFO] RecordSyncInitDuration has_sync_been_enabled: 0 state: 0
2026-09-14 14:08:04.712: [INFO] RecordSyncInitDuration has_sync_been_enabled: 0 state: 0
2026-09-14 14:08:04.713: [INFO] RecordSyncInitDuration has_sync_been_enabled: 0 state: 0
2026-09-14 14:08:04.714: [INFO] RecordSyncInitDuration has_sync_been_enabled: 0 state: 0
2026-09-14 14:08:04.715: [INFO] RecordSyncInitDuration has_sync_been_enabled: 0 state: 0
2026-09-14 14:08:04.716: [INFO] RecordSyncInitDuration has_sync_been_enabled: 0 state: 0
2026-09-14 14:08:04.717: [INFO] RecordSyncInitDuration has_sync_been_enabled: 0 state: 0
2026-09-14 14:08:04.718: [INFO] RecordSyncInitDuration has_sync_been_enabled: 0 state: 0
2026-09-14 14:08:04.739: [INFO] BookmarkNodeAdded, ABU: 0
2026-09-14 14:08:04.739: [INFO] BookmarkNodeAdded, ABU: 0
2026-09-14 14:08:04.740: [INFO] BookmarkNodeAdded, ABU: 0
2026-09-14 14:08:04.740: [INFO] BookmarkNodeAdded, ABU: 0
2026-09-14 14:08:04.740: [INFO] OnDoneLoading sync enabled: 0
2026-09-14 14:08:04.740: [INFO] BookmarkModelLoaded, ids_reassigned: 0
2026-09-14 14:08:04.740: [INFO] BookmarksLoadDropped droppedNodes=0
2026-09-14 14:08:04.740: [INFO] BookmarksSnapshot Startup total=44 bar=44 other=0 mobile=0 showBar=0 showBarNTP=1
2026-09-14 14:08:04.743: [INFO] RecordSyncInitDuration has_sync_been_enabled: 0 state: 0
2026-09-14 14:08:08.272: [INFO] BookmarkNodeAdded, ABU: 0
2026-09-14 14:08:08.273: [INFO] BookmarkNodeAdded, ABU: 0
2026-09-14 14:08:08.273: [INFO] BookmarkNodeAdded, ABU: 0
2026-09-14 14:10:41.523: [INFO] CurrentProfilePath: C:\Users\HP\Desktop\VisualMind\.tmp-mindmap-cdp\Default
2026-09-14 14:10:41.523: [INFO] Profiles total count: 1
2026-09-14 14:10:41.523: [INFO] Profile: name=Profile 1 path=C:\Users\HP\Desktop\VisualMind\.tmp-mindmap-cdp\Default lastActive=null
2026-09-14 14:10:41.523: [INFO] LastUsedProfileDir: C:\Users\HP\Desktop\VisualMind\.tmp-mindmap-cdp\Default
2026-09-14 14:10:41.523: [INFO] VisibilityChanged: 0
2026-09-14 14:10:41.558: [INFO] RecordSyncInitDuration has_sync_been_enabled: 0 state: 0
2026-09-14 14:10:41.559: [INFO] RecordSyncInitDuration has_sync_been_enabled: 0 state: 0
2026-09-14 14:10:41.560: [INFO] RecordSyncInitDuration has_sync_been_enabled: 0 state: 0
2026-09-14 14:10:41.563: [INFO] RecordSyncInitDuration has_sync_been_enabled: 0 state: 0
2026-09-14 14:10:41.564: [INFO] RecordSyncInitDuration has_sync_been_enabled: 0 state: 0
2026-09-14 14:10:41.565: [INFO] RecordSyncInitDuration has_sync_been_enabled: 0 state: 0
2026-09-14 14:10:41.566: [INFO] RecordSyncInitDuration has_sync_been_enabled: 0 state: 0
2026-09-14 14:10:41.567: [INFO] RecordSyncInitDuration has_sync_been_enabled: 0 state: 0
2026-09-14 14:10:41.568: [INFO] RecordSyncInitDuration has_sync_been_enabled: 0 state: 0
2026-09-14 14:10:41.570: [INFO] RecordSyncInitDuration has_sync_been_enabled: 0 state: 0
2026-09-14 14:10:41.589: [INFO] RecordSyncInitDuration has_sync_been_enabled: 0 state: 0
2026-09-14 14:10:41.594: [INFO] BookmarkNodeAdded, ABU: 0
2026-09-14 14:10:41.594: [INFO] BookmarkNodeAdded, ABU: 0
2026-09-14 14:10:41.594: [INFO] BookmarkNodeAdded, ABU: 0
2026-09-14 14:10:41.594: [INFO] BookmarkNodeAdded, ABU: 0
2026-09-14 14:10:41.594: [INFO] OnDoneLoading sync enabled: 0
2026-09-14 14:10:41.594: [INFO] BookmarkModelLoaded, ids_reassigned: 0
2026-09-14 14:10:41.594: [INFO] BookmarksLoadDropped droppedNodes=0
2026-09-14 14:10:41.594: [INFO] BookmarksSnapshot Startup total=50 bar=49 other=1 mobile=0 showBar=0 showBarNTP=1
