2026-09-14 13:09:33.812: [INFO][Sync] Reset engine, reason: 8
2026-09-14 13:09:33.812: [INFO][Sync] Stopped: Bookmarks
2026-09-14 13:09:33.812: [INFO][Sync] Stopped: Preferences
2026-09-14 13:09:33.812: [INFO][Sync] Stopped: Passwords
2026-09-14 13:09:33.812: [INFO][Sync] Stopped: Autofill Profiles
2026-09-14 13:09:33.812: [INFO][Sync] Stopped: Autofill
2026-09-14 13:09:33.812: [INFO][Sync] Stopped: Extensions
2026-09-14 13:09:33.812: [INFO][Sync] Stopped: Sessions
2026-09-14 13:09:33.812: [INFO][Sync] Stopped: Extension settings
2026-09-14 13:09:33.812: [INFO][Sync] Stopped: History Delete Directives
2026-09-14 13:09:33.812: [INFO][Sync] Stopped: Device Info
2026-09-14 13:09:33.812: [INFO][Sync] Stopped: User Consents
2026-09-14 13:09:33.812: [INFO][Sync] Stopped: Send Tab To Self
2026-09-14 13:09:33.812: [INFO][Sync] Stopped: Web Apps
2026-09-14 13:09:33.812: [INFO][Sync] Stopped: History
2026-09-14 13:09:33.812: [INFO][Sync] Stopped: Saved Tab Group
2026-09-14 13:09:33.812: [INFO][Sync] Stopped: WebAuthn Credentials
2026-09-14 13:09:33.812: [INFO][Sync] Stopped: Edge Hub App Usage
2026-09-14 13:09:33.812: [INFO][Sync] Stopped: Edge Journey
2026-09-14 13:09:33.812: [INFO][Sync] Stopped: Edge Workspace
2026-09-14 13:09:33.812: [INFO][Sync] SyncState after authenticated was: NotSignedIn
2026-09-14 13:09:34.044: [INFO][Sync] Reset engine, reason: 8
2026-09-14 13:09:34.044: [INFO][Sync] Stopped: Bookmarks
2026-09-14 13:09:34.044: [INFO][Sync] Stopped: Preferences
2026-09-14 13:09:34.044: [INFO][Sync] Stopped: Passwords
2026-09-14 13:09:34.044: [INFO][Sync] Stopped: Autofill Profiles
2026-09-14 13:09:34.044: [INFO][Sync] Stopped: Autofill
2026-09-14 13:09:34.044: [INFO][Sync] Stopped: Extensions
2026-09-14 13:09:34.044: [INFO][Sync] Stopped: Sessions
2026-09-14 13:09:34.044: [INFO][Sync] Stopped: Extension settings
2026-09-14 13:09:34.044: [INFO][Sync] Stopped: History Delete Directives
2026-09-14 13:09:34.044: [INFO][Sync] Stopped: Device Info
2026-09-14 13:09:34.044: [INFO][Sync] Stopped: User Consents
2026-09-14 13:09:34.044: [INFO][Sync] Stopped: Send Tab To Self
2026-09-14 13:09:34.044: [INFO][Sync] Stopped: Web Apps
2026-09-14 13:09:34.044: [INFO][Sync] Stopped: History
2026-09-14 13:09:34.044: [INFO][Sync] Stopped: Saved Tab Group
2026-09-14 13:09:34.044: [INFO][Sync] Stopped: WebAuthn Credentials
2026-09-14 13:09:34.044: [INFO][Sync] Stopped: Edge Hub App Usage
2026-09-14 13:09:34.044: [INFO][Sync] Stopped: Edge Journey
2026-09-14 13:09:34.044: [INFO][Sync] Stopped: Edge Workspace
2026-09-14 13:09:38.807: [INFO][Sync] Reset engine, reason: 8
2026-09-14 13:09:38.807: [INFO][Sync] Stopped: Bookmarks
2026-09-14 13:09:38.807: [INFO][Sync] Stopped: Preferences
2026-09-14 13:09:38.807: [INFO][Sync] Stopped: Passwords
2026-09-14 13:09:38.807: [INFO][Sync] Stopped: Autofill Profiles
2026-09-14 13:09:38.807: [INFO][Sync] Stopped: Autofill
2026-09-14 13:09:38.807: [INFO][Sync] Stopped: Extensions
2026-09-14 13:09:38.807: [INFO][Sync] Stopped: Sessions
2026-09-14 13:09:38.807: [INFO][Sync] Stopped: Extension settings
2026-09-14 13:09:38.807: [INFO][Sync] Stopped: History Delete Directives
2026-09-14 13:09:38.807: [INFO][Sync] Stopped: Device Info
2026-09-14 13:09:38.807: [INFO][Sync] Stopped: User Consents
2026-09-14 13:09:38.807: [INFO][Sync] Stopped: Send Tab To Self
2026-09-14 13:09:38.807: [INFO][Sync] Stopped: Web Apps
2026-09-14 13:09:38.807: [INFO][Sync] Stopped: History
2026-09-14 13:09:38.807: [INFO][Sync] Stopped: Saved Tab Group
2026-09-14 13:09:38.807: [INFO][Sync] Stopped: WebAuthn Credentials
2026-09-14 13:09:38.807: [INFO][Sync] Stopped: Edge Hub App Usage
2026-09-14 13:09:38.807: [INFO][Sync] Stopped: Edge Journey
2026-09-14 13:09:38.807: [INFO][Sync] Stopped: Edge Workspace
2026-09-14 13:09:38.807: [INFO][Sync] SyncState after authenticated was: NotSignedIn
2026-09-14 13:09:39.005: [INFO][Sync] Reset engine, reason: 8
2026-09-14 13:09:39.005: [INFO][Sync] Stopped: Bookmarks
2026-09-14 13:09:39.005: [INFO][Sync] Stopped: Preferences
2026-09-14 13:09:39.005: [INFO][Sync] Stopped: Passwords
2026-09-14 13:09:39.005: [INFO][Sync] Stopped: Autofill Profiles
2026-09-14 13:09:39.005: [INFO][Sync] Stopped: Autofill
2026-09-14 13:09:39.005: [INFO][Sync] Stopped: Extensions
2026-09-14 13:09:39.005: [INFO][Sync] Stopped: Sessions
2026-09-14 13:09:39.005: [INFO][Sync] Stopped: Extension settings
2026-09-14 13:09:39.005: [INFO][Sync] Stopped: History Delete Directives
2026-09-14 13:09:39.005: [INFO][Sync] Stopped: Device Info
2026-09-14 13:09:39.005: [INFO][Sync] Stopped: User Consents
2026-09-14 13:09:39.005: [INFO][Sync] Stopped: Send Tab To Self
2026-09-14 13:09:39.005: [INFO][Sync] Stopped: Web Apps
2026-09-14 13:09:39.005: [INFO][Sync] Stopped: History
2026-09-14 13:09:39.005: [INFO][Sync] Stopped: Saved Tab Group
2026-09-14 13:09:39.005: [INFO][Sync] Stopped: WebAuthn Credentials
2026-09-14 13:09:39.005: [INFO][Sync] Stopped: Edge Hub App Usage
2026-09-14 13:09:39.005: [INFO][Sync] Stopped: Edge Journey
2026-09-14 13:09:39.005: [INFO][Sync] Stopped: Edge Workspace
2026-09-14 13:10:08.081: [INFO][Sync] Reset engine, reason: 8
2026-09-14 13:10:08.081: [INFO][Sync] Stopped: Bookmarks
2026-09-14 13:10:08.081: [INFO][Sync] Stopped: Preferences
2026-09-14 13:10:08.081: [INFO][Sync] Stopped: Passwords
2026-09-14 13:10:08.081: [INFO][Sync] Stopped: Autofill Profiles
2026-09-14 13:10:08.081: [INFO][Sync] Stopped: Autofill
2026-09-14 13:10:08.081: [INFO][Sync] Stopped: Extensions
2026-09-14 13:10:08.081: [INFO][Sync] Stopped: Sessions
2026-09-14 13:10:08.081: [INFO][Sync] Stopped: Extension settings
2026-09-14 13:10:08.081: [INFO][Sync] Stopped: History Delete Directives
2026-09-14 13:10:08.081: [INFO][Sync] Stopped: Device Info
2026-09-14 13:10:08.081: [INFO][Sync] Stopped: User Consents
2026-09-14 13:10:08.081: [INFO][Sync] Stopped: Send Tab To Self
2026-09-14 13:10:08.081: [INFO][Sync] Stopped: Web Apps
2026-09-14 13:10:08.081: [INFO][Sync] Stopped: History
2026-09-14 13:10:08.081: [INFO][Sync] Stopped: Saved Tab Group
2026-09-14 13:10:08.081: [INFO][Sync] Stopped: WebAuthn Credentials
2026-09-14 13:10:08.081: [INFO][Sync] Stopped: Edge Hub App Usage
2026-09-14 13:10:08.081: [INFO][Sync] Stopped: Edge Journey
2026-09-14 13:10:08.081: [INFO][Sync] Stopped: Edge Workspace
2026-09-14 13:10:08.081: [INFO][Sync] SyncState after authenticated was: NotSignedIn
2026-09-14 13:10:08.267: [INFO][Sync] Reset engine, reason: 8
2026-09-14 13:10:08.267: [INFO][Sync] Stopped: Bookmarks
2026-09-14 13:10:08.267: [INFO][Sync] Stopped: Preferences
2026-09-14 13:10:08.267: [INFO][Sync] Stopped: Passwords
2026-09-14 13:10:08.267: [INFO][Sync] Stopped: Autofill Profiles
2026-09-14 13:10:08.267: [INFO][Sync] Stopped: Autofill
2026-09-14 13:10:08.267: [INFO][Sync] Stopped: Extensions
2026-09-14 13:10:08.267: [INFO][Sync] Stopped: Sessions
2026-09-14 13:10:08.267: [INFO][Sync] Stopped: Extension settings
2026-09-14 13:10:08.267: [INFO][Sync] Stopped: History Delete Directives
2026-09-14 13:10:08.267: [INFO][Sync] Stopped: Device Info
2026-09-14 13:10:08.267: [INFO][Sync] Stopped: User Consents
2026-09-14 13:10:08.267: [INFO][Sync] Stopped: Send Tab To Self
2026-09-14 13:10:08.267: [INFO][Sync] Stopped: Web Apps
2026-09-14 13:10:08.267: [INFO][Sync] Stopped: History
2026-09-14 13:10:08.267: [INFO][Sync] Stopped: Saved Tab Group
2026-09-14 13:10:08.267: [INFO][Sync] Stopped: WebAuthn Credentials
2026-09-14 13:10:08.267: [INFO][Sync] Stopped: Edge Hub App Usage
2026-09-14 13:10:08.267: [INFO][Sync] Stopped: Edge Journey
2026-09-14 13:10:08.267: [INFO][Sync] Stopped: Edge Workspace
2026-09-14 13:35:48.209: [INFO][Sync] Reset engine, reason: 8
2026-09-14 13:35:48.209: [INFO][Sync] Stopped: Bookmarks
2026-09-14 13:35:48.209: [INFO][Sync] Stopped: Preferences
2026-09-14 13:35:48.209: [INFO][Sync] Stopped: Passwords
2026-09-14 13:35:48.209: [INFO][Sync] Stopped: Autofill Profiles
2026-09-14 13:35:48.209: [INFO][Sync] Stopped: Autofill
2026-09-14 13:35:48.209: [INFO][Sync] Stopped: Extensions
2026-09-14 13:35:48.209: [INFO][Sync] Stopped: Sessions
2026-09-14 13:35:48.209: [INFO][Sync] Stopped: Extension settings
2026-09-14 13:35:48.209: [INFO][Sync] Stopped: History Delete Directives
2026-09-14 13:35:48.209: [INFO][Sync] Stopped: Device Info
2026-09-14 13:35:48.209: [INFO][Sync] Stopped: User Consents
2026-09-14 13:35:48.209: [INFO][Sync] Stopped: Send Tab To Self
2026-09-14 13:35:48.209: [INFO][Sync] Stopped: Web Apps
2026-09-14 13:35:48.209: [INFO][Sync] Stopped: History
2026-09-14 13:35:48.209: [INFO][Sync] Stopped: Saved Tab Group
2026-09-14 13:35:48.210: [INFO][Sync] Stopped: WebAuthn Credentials
2026-09-14 13:35:48.210: [INFO][Sync] Stopped: Edge Hub App Usage
2026-09-14 13:35:48.210: [INFO][Sync] Stopped: Edge Journey
2026-09-14 13:35:48.210: [INFO][Sync] Stopped: Edge Workspace
2026-09-14 13:35:48.210: [INFO][Sync] SyncState after authenticated was: NotSignedIn
2026-09-14 13:35:48.428: [INFO][Sync] Reset engine, reason: 8
2026-09-14 13:35:48.428: [INFO][Sync] Stopped: Bookmarks
2026-09-14 13:35:48.428: [INFO][Sync] Stopped: Preferences
2026-09-14 13:35:48.428: [INFO][Sync] Stopped: Passwords
2026-09-14 13:35:48.428: [INFO][Sync] Stopped: Autofill Profiles
2026-09-14 13:35:48.428: [INFO][Sync] Stopped: Autofill
2026-09-14 13:35:48.428: [INFO][Sync] Stopped: Extensions
2026-09-14 13:35:48.428: [INFO][Sync] Stopped: Sessions
2026-09-14 13:35:48.428: [INFO][Sync] Stopped: Extension settings
2026-09-14 13:35:48.428: [INFO][Sync] Stopped: History Delete Directives
2026-09-14 13:35:48.428: [INFO][Sync] Stopped: Device Info
2026-09-14 13:35:48.428: [INFO][Sync] Stopped: User Consents
2026-09-14 13:35:48.428: [INFO][Sync] Stopped: Send Tab To Self
2026-09-14 13:35:48.428: [INFO][Sync] Stopped: Web Apps
2026-09-14 13:35:48.428: [INFO][Sync] Stopped: History
2026-09-14 13:35:48.428: [INFO][Sync] Stopped: Saved Tab Group
2026-09-14 13:35:48.428: [INFO][Sync] Stopped: WebAuthn Credentials
2026-09-14 13:35:48.428: [INFO][Sync] Stopped: Edge Hub App Usage
2026-09-14 13:35:48.428: [INFO][Sync] Stopped: Edge Journey
2026-09-14 13:35:48.428: [INFO][Sync] Stopped: Edge Workspace
2026-09-14 13:37:10.822: [INFO][Sync] Reset engine, reason: 8
2026-09-14 13:37:10.822: [INFO][Sync] Stopped: Bookmarks
2026-09-14 13:37:10.822: [INFO][Sync] Stopped: Preferences
2026-09-14 13:37:10.822: [INFO][Sync] Stopped: Passwords
2026-09-14 13:37:10.822: [INFO][Sync] Stopped: Autofill Profiles
2026-09-14 13:37:10.822: [INFO][Sync] Stopped: Autofill
2026-09-14 13:37:10.822: [INFO][Sync] Stopped: Extensions
2026-09-14 13:37:10.822: [INFO][Sync] Stopped: Sessions
2026-09-14 13:37:10.822: [INFO][Sync] Stopped: Extension settings
2026-09-14 13:37:10.822: [INFO][Sync] Stopped: History Delete Directives
2026-09-14 13:37:10.822: [INFO][Sync] Stopped: Device Info
2026-09-14 13:37:10.822: [INFO][Sync] Stopped: User Consents
2026-09-14 13:37:10.822: [INFO][Sync] Stopped: Send Tab To Self
2026-09-14 13:37:10.822: [INFO][Sync] Stopped: Web Apps
2026-09-14 13:37:10.822: [INFO][Sync] Stopped: History
2026-09-14 13:37:10.822: [INFO][Sync] Stopped: Saved Tab Group
2026-09-14 13:37:10.822: [INFO][Sync] Stopped: WebAuthn Credentials
2026-09-14 13:37:10.822: [INFO][Sync] Stopped: Edge Hub App Usage
2026-09-14 13:37:10.822: [INFO][Sync] Stopped: Edge Journey
2026-09-14 13:37:10.822: [INFO][Sync] Stopped: Edge Workspace
2026-09-14 13:37:10.822: [INFO][Sync] SyncState after authenticated was: NotSignedIn
2026-09-14 13:37:11.026: [INFO][Sync] Reset engine, reason: 8
2026-09-14 13:37:11.026: [INFO][Sync] Stopped: Bookmarks
2026-09-14 13:37:11.026: [INFO][Sync] Stopped: Preferences
2026-09-14 13:37:11.026: [INFO][Sync] Stopped: Passwords
2026-09-14 13:37:11.026: [INFO][Sync] Stopped: Autofill Profiles
2026-09-14 13:37:11.026: [INFO][Sync] Stopped: Autofill
2026-09-14 13:37:11.026: [INFO][Sync] Stopped: Extensions
2026-09-14 13:37:11.026: [INFO][Sync] Stopped: Sessions
2026-09-14 13:37:11.026: [INFO][Sync] Stopped: Extension settings
2026-09-14 13:37:11.026: [INFO][Sync] Stopped: History Delete Directives
2026-09-14 13:37:11.026: [INFO][Sync] Stopped: Device Info
2026-09-14 13:37:11.026: [INFO][Sync] Stopped: User Consents
2026-09-14 13:37:11.026: [INFO][Sync] Stopped: Send Tab To Self
2026-09-14 13:37:11.026: [INFO][Sync] Stopped: Web Apps
2026-09-14 13:37:11.026: [INFO][Sync] Stopped: History
2026-09-14 13:37:11.026: [INFO][Sync] Stopped: Saved Tab Group
2026-09-14 13:37:11.026: [INFO][Sync] Stopped: WebAuthn Credentials
2026-09-14 13:37:11.026: [INFO][Sync] Stopped: Edge Hub App Usage
2026-09-14 13:37:11.026: [INFO][Sync] Stopped: Edge Journey
2026-09-14 13:37:11.026: [INFO][Sync] Stopped: Edge Workspace
2026-09-14 13:37:31.729: [INFO][Sync] Reset engine, reason: 8
2026-09-14 13:37:31.729: [INFO][Sync] Stopped: Bookmarks
2026-09-14 13:37:31.729: [INFO][Sync] Stopped: Preferences
2026-09-14 13:37:31.729: [INFO][Sync] Stopped: Passwords
2026-09-14 13:37:31.729: [INFO][Sync] Stopped: Autofill Profiles
2026-09-14 13:37:31.729: [INFO][Sync] Stopped: Autofill
2026-09-14 13:37:31.729: [INFO][Sync] Stopped: Extensions
2026-09-14 13:37:31.729: [INFO][Sync] Stopped: Sessions
2026-09-14 13:37:31.729: [INFO][Sync] Stopped: Extension settings
2026-09-14 13:37:31.729: [INFO][Sync] Stopped: History Delete Directives
2026-09-14 13:37:31.729: [INFO][Sync] Stopped: Device Info
2026-09-14 13:37:31.729: [INFO][Sync] Stopped: User Consents
2026-09-14 13:37:31.729: [INFO][Sync] Stopped: Send Tab To Self
2026-09-14 13:37:31.729: [INFO][Sync] Stopped: Web Apps
2026-09-14 13:37:31.729: [INFO][Sync] Stopped: History
2026-09-14 13:37:31.729: [INFO][Sync] Stopped: Saved Tab Group
2026-09-14 13:37:31.729: [INFO][Sync] Stopped: WebAuthn Credentials
2026-09-14 13:37:31.729: [INFO][Sync] Stopped: Edge Hub App Usage
2026-09-14 13:37:31.729: [INFO][Sync] Stopped: Edge Journey
2026-09-14 13:37:31.729: [INFO][Sync] Stopped: Edge Workspace
2026-09-14 13:37:31.729: [INFO][Sync] SyncState after authenticated was: NotSignedIn
2026-09-14 13:37:31.898: [INFO][Sync] Reset engine, reason: 8
2026-09-14 13:37:31.898: [INFO][Sync] Stopped: Bookmarks
2026-09-14 13:37:31.898: [INFO][Sync] Stopped: Preferences
2026-09-14 13:37:31.898: [INFO][Sync] Stopped: Passwords
2026-09-14 13:37:31.898: [INFO][Sync] Stopped: Autofill Profiles
2026-09-14 13:37:31.898: [INFO][Sync] Stopped: Autofill
2026-09-14 13:37:31.898: [INFO][Sync] Stopped: Extensions
2026-09-14 13:37:31.898: [INFO][Sync] Stopped: Sessions
2026-09-14 13:37:31.898: [INFO][Sync] Stopped: Extension settings
2026-09-14 13:37:31.898: [INFO][Sync] Stopped: History Delete Directives
2026-09-14 13:37:31.898: [INFO][Sync] Stopped: Device Info
2026-09-14 13:37:31.898: [INFO][Sync] Stopped: User Consents
2026-09-14 13:37:31.898: [INFO][Sync] Stopped: Send Tab To Self
2026-09-14 13:37:31.898: [INFO][Sync] Stopped: Web Apps
2026-09-14 13:37:31.898: [INFO][Sync] Stopped: History
2026-09-14 13:37:31.898: [INFO][Sync] Stopped: Saved Tab Group
2026-09-14 13:37:31.898: [INFO][Sync] Stopped: WebAuthn Credentials
2026-09-14 13:37:31.898: [INFO][Sync] Stopped: Edge Hub App Usage
2026-09-14 13:37:31.898: [INFO][Sync] Stopped: Edge Journey
2026-09-14 13:37:31.898: [INFO][Sync] Stopped: Edge Workspace
2026-09-14 13:50:18.446: [INFO][Sync] Reset engine, reason: 8
2026-09-14 13:50:18.446: [INFO][Sync] Stopped: Bookmarks
2026-09-14 13:50:18.446: [INFO][Sync] Stopped: Preferences
2026-09-14 13:50:18.446: [INFO][Sync] Stopped: Passwords
2026-09-14 13:50:18.446: [INFO][Sync] Stopped: Autofill Profiles
2026-09-14 13:50:18.446: [INFO][Sync] Stopped: Autofill
2026-09-14 13:50:18.446: [INFO][Sync] Stopped: Extensions
2026-09-14 13:50:18.446: [INFO][Sync] Stopped: Sessions
2026-09-14 13:50:18.446: [INFO][Sync] Stopped: Extension settings
2026-09-14 13:50:18.446: [INFO][Sync] Stopped: History Delete Directives
2026-09-14 13:50:18.446: [INFO][Sync] Stopped: Device Info
2026-09-14 13:50:18.446: [INFO][Sync] Stopped: User Consents
2026-09-14 13:50:18.446: [INFO][Sync] Stopped: Send Tab To Self
2026-09-14 13:50:18.446: [INFO][Sync] Stopped: Web Apps
2026-09-14 13:50:18.446: [INFO][Sync] Stopped: History
2026-09-14 13:50:18.446: [INFO][Sync] Stopped: Saved Tab Group
2026-09-14 13:50:18.446: [INFO][Sync] Stopped: WebAuthn Credentials
2026-09-14 13:50:18.446: [INFO][Sync] Stopped: Edge Hub App Usage
2026-09-14 13:50:18.446: [INFO][Sync] Stopped: Edge Journey
2026-09-14 13:50:18.446: [INFO][Sync] Stopped: Edge Workspace
2026-09-14 13:50:18.446: [INFO][Sync] SyncState after authenticated was: NotSignedIn
2026-09-14 13:50:18.739: [INFO][Sync] Reset engine, reason: 8
2026-09-14 13:50:18.739: [INFO][Sync] Stopped: Bookmarks
2026-09-14 13:50:18.739: [INFO][Sync] Stopped: Preferences
2026-09-14 13:50:18.739: [INFO][Sync] Stopped: Passwords
2026-09-14 13:50:18.739: [INFO][Sync] Stopped: Autofill Profiles
2026-09-14 13:50:18.739: [INFO][Sync] Stopped: Autofill
2026-09-14 13:50:18.739: [INFO][Sync] Stopped: Extensions
2026-09-14 13:50:18.739: [INFO][Sync] Stopped: Sessions
2026-09-14 13:50:18.739: [INFO][Sync] Stopped: Extension settings
2026-09-14 13:50:18.739: [INFO][Sync] Stopped: History Delete Directives
2026-09-14 13:50:18.739: [INFO][Sync] Stopped: Device Info
2026-09-14 13:50:18.739: [INFO][Sync] Stopped: User Consents
2026-09-14 13:50:18.739: [INFO][Sync] Stopped: Send Tab To Self
2026-09-14 13:50:18.739: [INFO][Sync] Stopped: Web Apps
2026-09-14 13:50:18.739: [INFO][Sync] Stopped: History
2026-09-14 13:50:18.739: [INFO][Sync] Stopped: Saved Tab Group
2026-09-14 13:50:18.739: [INFO][Sync] Stopped: WebAuthn Credentials
2026-09-14 13:50:18.739: [INFO][Sync] Stopped: Edge Hub App Usage
2026-09-14 13:50:18.739: [INFO][Sync] Stopped: Edge Journey
2026-09-14 13:50:18.739: [INFO][Sync] Stopped: Edge Workspace
2026-09-14 13:59:03.488: [INFO][Sync] Reset engine, reason: 8
2026-09-14 13:59:03.488: [INFO][Sync] Stopped: Bookmarks
2026-09-14 13:59:03.488: [INFO][Sync] Stopped: Preferences
2026-09-14 13:59:03.488: [INFO][Sync] Stopped: Passwords
2026-09-14 13:59:03.488: [INFO][Sync] Stopped: Autofill Profiles
2026-09-14 13:59:03.488: [INFO][Sync] Stopped: Autofill
2026-09-14 13:59:03.488: [INFO][Sync] Stopped: Extensions
2026-09-14 13:59:03.488: [INFO][Sync] Stopped: Sessions
2026-09-14 13:59:03.488: [INFO][Sync] Stopped: Extension settings
2026-09-14 13:59:03.488: [INFO][Sync] Stopped: History Delete Directives
2026-09-14 13:59:03.488: [INFO][Sync] Stopped: Device Info
2026-09-14 13:59:03.488: [INFO][Sync] Stopped: User Consents
2026-09-14 13:59:03.488: [INFO][Sync] Stopped: Send Tab To Self
2026-09-14 13:59:03.488: [INFO][Sync] Stopped: Web Apps
2026-09-14 13:59:03.488: [INFO][Sync] Stopped: History
2026-09-14 13:59:03.488: [INFO][Sync] Stopped: Saved Tab Group
2026-09-14 13:59:03.488: [INFO][Sync] Stopped: WebAuthn Credentials
2026-09-14 13:59:03.488: [INFO][Sync] Stopped: Edge Hub App Usage
2026-09-14 13:59:03.488: [INFO][Sync] Stopped: Edge Journey
2026-09-14 13:59:03.488: [INFO][Sync] Stopped: Edge Workspace
2026-09-14 13:59:03.488: [INFO][Sync] SyncState after authenticated was: NotSignedIn
2026-09-14 13:59:03.706: [INFO][Sync] Reset engine, reason: 8
2026-09-14 13:59:03.706: [INFO][Sync] Stopped: Bookmarks
2026-09-14 13:59:03.706: [INFO][Sync] Stopped: Preferences
2026-09-14 13:59:03.706: [INFO][Sync] Stopped: Passwords
2026-09-14 13:59:03.706: [INFO][Sync] Stopped: Autofill Profiles
2026-09-14 13:59:03.706: [INFO][Sync] Stopped: Autofill
2026-09-14 13:59:03.706: [INFO][Sync] Stopped: Extensions
2026-09-14 13:59:03.706: [INFO][Sync] Stopped: Sessions
2026-09-14 13:59:03.706: [INFO][Sync] Stopped: Extension settings
2026-09-14 13:59:03.706: [INFO][Sync] Stopped: History Delete Directives
2026-09-14 13:59:03.706: [INFO][Sync] Stopped: Device Info
2026-09-14 13:59:03.706: [INFO][Sync] Stopped: User Consents
2026-09-14 13:59:03.706: [INFO][Sync] Stopped: Send Tab To Self
2026-09-14 13:59:03.706: [INFO][Sync] Stopped: Web Apps
2026-09-14 13:59:03.706: [INFO][Sync] Stopped: History
2026-09-14 13:59:03.706: [INFO][Sync] Stopped: Saved Tab Group
2026-09-14 13:59:03.706: [INFO][Sync] Stopped: WebAuthn Credentials
2026-09-14 13:59:03.706: [INFO][Sync] Stopped: Edge Hub App Usage
2026-09-14 13:59:03.706: [INFO][Sync] Stopped: Edge Journey
2026-09-14 13:59:03.706: [INFO][Sync] Stopped: Edge Workspace
2026-09-14 14:08:04.472: [INFO][Sync] Reset engine, reason: 8
2026-09-14 14:08:04.472: [INFO][Sync] Stopped: Bookmarks
2026-09-14 14:08:04.472: [INFO][Sync] Stopped: Preferences
2026-09-14 14:08:04.472: [INFO][Sync] Stopped: Passwords
2026-09-14 14:08:04.472: [INFO][Sync] Stopped: Autofill Profiles
2026-09-14 14:08:04.472: [INFO][Sync] Stopped: Autofill
2026-09-14 14:08:04.472: [INFO][Sync] Stopped: Extensions
2026-09-14 14:08:04.472: [INFO][Sync] Stopped: Sessions
2026-09-14 14:08:04.472: [INFO][Sync] Stopped: Extension settings
2026-09-14 14:08:04.472: [INFO][Sync] Stopped: History Delete Directives
2026-09-14 14:08:04.472: [INFO][Sync] Stopped: Device Info
2026-09-14 14:08:04.472: [INFO][Sync] Stopped: User Consents
2026-09-14 14:08:04.472: [INFO][Sync] Stopped: Send Tab To Self
2026-09-14 14:08:04.472: [INFO][Sync] Stopped: Web Apps
2026-09-14 14:08:04.472: [INFO][Sync] Stopped: History
2026-09-14 14:08:04.472: [INFO][Sync] Stopped: Saved Tab Group
2026-09-14 14:08:04.472: [INFO][Sync] Stopped: WebAuthn Credentials
2026-09-14 14:08:04.472: [INFO][Sync] Stopped: Edge Hub App Usage
2026-09-14 14:08:04.472: [INFO][Sync] Stopped: Edge Journey
2026-09-14 14:08:04.472: [INFO][Sync] Stopped: Edge Workspace
2026-09-14 14:08:04.472: [INFO][Sync] SyncState after authenticated was: NotSignedIn
2026-09-14 14:08:04.742: [INFO][Sync] Reset engine, reason: 8
2026-09-14 14:08:04.742: [INFO][Sync] Stopped: Bookmarks
2026-09-14 14:08:04.742: [INFO][Sync] Stopped: Preferences
2026-09-14 14:08:04.742: [INFO][Sync] Stopped: Passwords
2026-09-14 14:08:04.742: [INFO][Sync] Stopped: Autofill Profiles
2026-09-14 14:08:04.742: [INFO][Sync] Stopped: Autofill
2026-09-14 14:08:04.742: [INFO][Sync] Stopped: Extensions
2026-09-14 14:08:04.742: [INFO][Sync] Stopped: Sessions
2026-09-14 14:08:04.742: [INFO][Sync] Stopped: Extension settings
2026-09-14 14:08:04.742: [INFO][Sync] Stopped: History Delete Directives
2026-09-14 14:08:04.742: [INFO][Sync] Stopped: Device Info
2026-09-14 14:08:04.742: [INFO][Sync] Stopped: User Consents
2026-09-14 14:08:04.742: [INFO][Sync] Stopped: Send Tab To Self
2026-09-14 14:08:04.742: [INFO][Sync] Stopped: Web Apps
2026-09-14 14:08:04.742: [INFO][Sync] Stopped: History
2026-09-14 14:08:04.742: [INFO][Sync] Stopped: Saved Tab Group
2026-09-14 14:08:04.742: [INFO][Sync] Stopped: WebAuthn Credentials
2026-09-14 14:08:04.742: [INFO][Sync] Stopped: Edge Hub App Usage
2026-09-14 14:08:04.742: [INFO][Sync] Stopped: Edge Journey
2026-09-14 14:08:04.742: [INFO][Sync] Stopped: Edge Workspace
2026-09-14 14:10:41.249: [INFO][Sync] Reset engine, reason: 8
2026-09-14 14:10:41.249: [INFO][Sync] Stopped: Bookmarks
2026-09-14 14:10:41.249: [INFO][Sync] Stopped: Preferences
2026-09-14 14:10:41.249: [INFO][Sync] Stopped: Passwords
2026-09-14 14:10:41.249: [INFO][Sync] Stopped: Autofill Profiles
2026-09-14 14:10:41.249: [INFO][Sync] Stopped: Autofill
2026-09-14 14:10:41.249: [INFO][Sync] Stopped: Extensions
2026-09-14 14:10:41.249: [INFO][Sync] Stopped: Sessions
2026-09-14 14:10:41.249: [INFO][Sync] Stopped: Extension settings
2026-09-14 14:10:41.249: [INFO][Sync] Stopped: History Delete Directives
2026-09-14 14:10:41.249: [INFO][Sync] Stopped: Device Info
2026-09-14 14:10:41.249: [INFO][Sync] Stopped: User Consents
2026-09-14 14:10:41.249: [INFO][Sync] Stopped: Send Tab To Self
2026-09-14 14:10:41.249: [INFO][Sync] Stopped: Web Apps
2026-09-14 14:10:41.249: [INFO][Sync] Stopped: History
2026-09-14 14:10:41.249: [INFO][Sync] Stopped: Saved Tab Group
2026-09-14 14:10:41.249: [INFO][Sync] Stopped: WebAuthn Credentials
2026-09-14 14:10:41.249: [INFO][Sync] Stopped: Edge Hub App Usage
2026-09-14 14:10:41.249: [INFO][Sync] Stopped: Edge Journey
2026-09-14 14:10:41.249: [INFO][Sync] Stopped: Edge Workspace
2026-09-14 14:10:41.249: [INFO][Sync] SyncState after authenticated was: NotSignedIn
2026-09-14 14:10:41.588: [INFO][Sync] Reset engine, reason: 8
2026-09-14 14:10:41.588: [INFO][Sync] Stopped: Bookmarks
2026-09-14 14:10:41.588: [INFO][Sync] Stopped: Preferences
2026-09-14 14:10:41.588: [INFO][Sync] Stopped: Passwords
2026-09-14 14:10:41.588: [INFO][Sync] Stopped: Autofill Profiles
2026-09-14 14:10:41.588: [INFO][Sync] Stopped: Autofill
2026-09-14 14:10:41.588: [INFO][Sync] Stopped: Extensions
2026-09-14 14:10:41.588: [INFO][Sync] Stopped: Sessions
2026-09-14 14:10:41.588: [INFO][Sync] Stopped: Extension settings
2026-09-14 14:10:41.588: [INFO][Sync] Stopped: History Delete Directives
2026-09-14 14:10:41.588: [INFO][Sync] Stopped: Device Info
2026-09-14 14:10:41.588: [INFO][Sync] Stopped: User Consents
2026-09-14 14:10:41.588: [INFO][Sync] Stopped: Send Tab To Self
2026-09-14 14:10:41.588: [INFO][Sync] Stopped: Web Apps
2026-09-14 14:10:41.588: [INFO][Sync] Stopped: History
2026-09-14 14:10:41.588: [INFO][Sync] Stopped: Saved Tab Group
2026-09-14 14:10:41.588: [INFO][Sync] Stopped: WebAuthn Credentials
2026-09-14 14:10:41.588: [INFO][Sync] Stopped: Edge Hub App Usage
2026-09-14 14:10:41.588: [INFO][Sync] Stopped: Edge Journey
2026-09-14 14:10:41.588: [INFO][Sync] Stopped: Edge Workspace
